Microchip MPLAB XC8 Compiler V2.36

Linker command line:

--edf=E:\Atmel Studio\Comp-istall\pic\dat\en_msgs.txt -cn \
  -h+dist/LPCUSBDK_16F1455/production\pic16f1455_firmware.production.sym \
  --cmf=dist/LPCUSBDK_16F1455/production\pic16f1455_firmware.production.cmf \
  -z -Q16F1455 -oC:\Users\Dutu\AppData\Local\Temp\xcAsvv4.4 \
  --defsym=__MPLAB_BUILD=1 \
  -Mdist/LPCUSBDK_16F1455/production/pic16f1455_firmware.production.map \
  --md=C:\Users\Dutu\AppData\Local\Temp\xcAsvv4.dat -E1 -ver=XC8 Compiler \
  --acfsm=1493 -ACODE=00h-07FFhx4 -ASTRCODE=00h-01FFFh -ASTRING=00h-0FFhx32 \
  -ACONST=00h-0FFhx32 -AENTRY=00h-0FFhx32 -ACOMMON=070h-07Fh \
  -ABANK0=020h-06Fh -ABANK1=0A0h-0EFh -ABANK2=0120h-016Fh \
  -ABANK3=01A0h-01EFh -ABANK4=0220h-026Fh -ABANK5=02A0h-02EFh \
  -ABANK6=0320h-036Fh -ABANK7=03A0h-03EFh -ABANK8=0420h-046Fh \
  -ABANK9=04A0h-04EFh -ABANK10=0520h-056Fh -ABANK11=05A0h-05EFh \
  -ABANK12=0620h-064Fh -ABIGRAM=02000h-023EFh \
  -ARAM=020h-06Fh,0A0h-0EFh,0120h-016Fh,01A0h-01EFh,0220h-026Fh,02A0h-02EFh,0320h-036Fh,03A0h-03EFh,0420h-046Fh,04A0h-04EFh,0520h-056Fh,05A0h-05EFh,0620h-064Fh \
  -AABS1=020h-07Fh,0A0h-0EFh,0120h-016Fh,01A0h-01EFh,0220h-026Fh,02A0h-02EFh,0320h-036Fh,03A0h-03EFh,0420h-046Fh,04A0h-04EFh,0520h-056Fh,05A0h-05EFh,0620h-064Fh \
  -ASFR0=00h-01Fh -ASFR1=080h-09Fh -ASFR2=0100h-011Fh -ASFR3=0180h-019Fh \
  -ASFR4=0200h-021Fh -ASFR5=0280h-029Fh -ASFR6=0300h-031Fh \
  -ASFR7=0380h-039Fh -ASFR8=0400h-041Fh -ASFR9=0480h-049Fh \
  -ASFR10=0500h-051Fh -ASFR11=0580h-059Fh -ASFR12=0600h-061Fh \
  -ASFR13=0680h-06EFh -ASFR14=0700h-076Fh -ASFR15=0780h-07EFh \
  -ASFR16=0800h-086Fh -ASFR17=0880h-08EFh -ASFR18=0900h-096Fh \
  -ASFR19=0980h-09EFh -ASFR20=0A00h-0A6Fh -ASFR21=0A80h-0AEFh \
  -ASFR22=0B00h-0B6Fh -ASFR23=0B80h-0BEFh -ASFR24=0C00h-0C6Fh \
  -ASFR25=0C80h-0CEFh -ASFR26=0D00h-0D6Fh -ASFR27=0D80h-0DEFh \
  -ASFR28=0E00h-0E6Fh -ASFR29=0E80h-0EEFh -ASFR30=0F00h-0F6Fh \
  -ASFR31=0F80h-0FEFh -ACONFIG=08007h-08008h -DCONFIG=2 \
  -AIDLOC=08000h-08003h -DIDLOC=2 -DCODE=2 -DSTRCODE=2 -DSTRING=2 -DCONST=2 \
  -DENTRY=2 -preset_vec=00h,intentry=04h,init,end_init -ppowerup=CODE \
  -pcinit=CODE -pfunctab=ENTRY -k \
  C:\Users\Dutu\AppData\Local\Temp\xcAsvv4.o \
  dist/LPCUSBDK_16F1455/production\pic16f1455_firmware.production.o 

Object code version is 3.11

Machine type is 16F1455



                Name                               Link     Load   Length Selector   Space Scale
C:\Users\Dutu\AppData\Local\Temp\xcAsvv4.o
                end_init                              8        8        2        8       0
                reset_vec                             0        0        2        0       0
                config                             8007     8007        2        0       4
                idloc                              8000     8000        4        0       5
dist/LPCUSBDK_16F1455/production\pic16f1455_firmware.production.o
                cinit                                 A        A       25        8       0
                intentry                              4        4        4        8       0
                config                             8007     8007        2        0       4
                idloc                              8000     8000        4        0       5
                text39                              D89      D89       87     1B12       0
                text38                              627      627       D9        8       0
                text37                              B15      B15       75     162A       0
                text36                              B8A      B8A       78     1714       0
                text35                              AA3      AA3       72     1546       0
                text34                              EAC      EAC       AA     1D58       0
                text33                              817      817       38     102E       0
                text32                              84F      84F       43     109E       0
                text31                             1755     1755       25     2EAA       0
                text30                             17A5     17A5       2D     2F4A       0
                text29                             16EF     16EF       22     2DDE       0
                text28                             1711     1711       22     2E22       0
                text27                              9D3      9D3       63     13A6       0
                text26                              805      805       12     100A       0
                text25                             1733     1733       22     2E66       0
                text24                             16AD     16AD       21     2D5A       0
                text23                              416      416      117        8       0
                text22                              892      892       46     1124       0
                text21                               2F       2F      167        8       0
                text20                              C7E      C7E       85     18FC       0
                text19                              A36      A36       6D     146C       0
                text18                              700      700       CA        8       0
                text17                              D03      D03       86     1A06       0
                text16                              C02      C02       7C     1804       0
                text15                              974      974       5F     12E8       0
                text14                              E10      E10       9C     1C20       0
                text13                              8D8      8D8       48     11B0       0
                text12                             17D2     17D2       2E     2FA4       0
                text11                              920      920       54     1240       0
                text10                              F56      F56       AA     1EAC       0
                text9                              1690     1690       1D     2D20       0
                text8                              177A     177A       2B     2EF4       0
                text7                              1674     1674       1C     2CE8       0
                text6                              16CE     16CE       21     2D9C       0
                text5                               2E7      2E7      12F        8       0
                text4                              165C     165C        C     2CB8       0
                text3                              1653     1653        9     2CA6       0
                text2                               196      196      151        8       0
                text1                               52D      52D       FA        8       0
                maintext                            7CA      7CA       36        8       0
                cstackCOMMON                         70       70        E       70       1
                cstackBANK1                          D9       D9       17       B0       1
                clrtext                            1668     1668        C     2CD0       0
                bssBANK3                            1A0      1A0       1E      1A0       1
                bssBANK2                            120      120       10      120       1
                bssBANK1                             B0       B0       29       B0       1
                stringtext10                       1866     1866        4     3000       0
                stringtext9                        184E     184E       12     3000       0
                stringtext8                        1838     1838       16     3000       0
                stringtext7                        181C     181C       1C     3000       0
                stringtext6                        1800     1800       1C     3000       0
                stringtext5                        10C0     10C0       34     2000       0
                stringtext4                        1069     1069       57     2000       0
                stringtext3                        1000     1000       69     2000       0
                stringtext2                        186A     186A        2     3000       0
                stringtext1                        1860     1860        6     3000       0

TOTAL           Name                               Link     Load   Length     Space
        CLASS   CODE           
                end_init                              8        8        2         0
                cinit                                 A        A       25         0
                intentry                              4        4        4         0
                reset_vec                             0        0        2         0
                text39                              D89      D89       87         0
                text38                              627      627       D9         0
                text37                              B15      B15       75         0
                text36                              B8A      B8A       78         0
                text35                              AA3      AA3       72         0
                text34                              EAC      EAC       AA         0
                text33                              817      817       38         0
                text32                              84F      84F       43         0
                text31                             1755     1755       25         0
                text30                             17A5     17A5       2D         0
                text29                             16EF     16EF       22         0
                text28                             1711     1711       22         0
                text27                              9D3      9D3       63         0
                text26                              805      805       12         0
                text25                             1733     1733       22         0
                text24                             16AD     16AD       21         0
                text23                              416      416      117         0
                text22                              892      892       46         0
                text21                               2F       2F      167         0
                text20                              C7E      C7E       85         0
                text19                              A36      A36       6D         0
                text18                              700      700       CA         0
                text17                              D03      D03       86         0
                text16                              C02      C02       7C         0
                text15                              974      974       5F         0
                text14                              E10      E10       9C         0
                text13                              8D8      8D8       48         0
                text12                             17D2     17D2       2E         0
                text11                              920      920       54         0
                text10                              F56      F56       AA         0
                text9                              1690     1690       1D         0
                text8                              177A     177A       2B         0
                text7                              1674     1674       1C         0
                text6                              16CE     16CE       21         0
                text5                               2E7      2E7      12F         0
                text4                              165C     165C        C         0
                text3                              1653     1653        9         0
                text2                               196      196      151         0
                text1                               52D      52D       FA         0
                maintext                            7CA      7CA       36         0
                clrtext                            1668     1668        C         0

        CLASS   STRCODE        
                stringtext10                       1866     1866        4         0
                stringtext9                        184E     184E       12         0
                stringtext8                        1838     1838       16         0
                stringtext7                        181C     181C       1C         0
                stringtext6                        1800     1800       1C         0
                stringtext5                        10C0     10C0       34         0
                stringtext4                        1069     1069       57         0
                stringtext3                        1000     1000       69         0
                stringtext2                        186A     186A        2         0
                stringtext1                        1860     1860        6         0

        CLASS   STRING         

        CLASS   CONST          

        CLASS   ENTRY          

        CLASS   COMMON         
                cstackCOMMON                         70       70        E         1

        CLASS   BANK0          

        CLASS   BANK1          
                cstackBANK1                          D9       D9       17         1
                bssBANK1                             B0       B0       29         1

        CLASS   BANK2          
                bssBANK2                            120      120       10         1

        CLASS   BANK3          
                bssBANK3                            1A0      1A0       1E         1

        CLASS   BANK4          

        CLASS   BANK5          

        CLASS   BANK6          

        CLASS   BANK7          

        CLASS   BANK8          

        CLASS   BANK9          

        CLASS   BANK10         

        CLASS   BANK11         

        CLASS   BANK12         

        CLASS   BIGRAM         

        CLASS   RAM            

        CLASS   ABS1           
                abs_s1                               20       20       50         1
                abs_s1                               7E       7E        2         1
                abs_s1                               A0       A0       10         1
                abs_s1                              130      130       40         1
                abs_s1                              1E0      1E0       10         1
                abs_s1                              220      220       21         1
                abs_s1                              2C0      2C0       30         1
                abs_s1                              320      320       10         1

        CLASS   SFR0           

        CLASS   SFR1           

        CLASS   SFR2           

        CLASS   SFR3           

        CLASS   SFR4           

        CLASS   SFR5           

        CLASS   SFR6           

        CLASS   SFR7           

        CLASS   SFR8           

        CLASS   SFR9           

        CLASS   SFR10          

        CLASS   SFR11          

        CLASS   SFR12          

        CLASS   SFR13          

        CLASS   SFR14          

        CLASS   SFR15          

        CLASS   SFR16          

        CLASS   SFR17          

        CLASS   SFR18          

        CLASS   SFR19          

        CLASS   SFR20          

        CLASS   SFR21          

        CLASS   SFR22          

        CLASS   SFR23          

        CLASS   SFR24          

        CLASS   SFR25          

        CLASS   SFR26          

        CLASS   SFR27          

        CLASS   SFR28          

        CLASS   SFR29          

        CLASS   SFR30          

        CLASS   SFR31          

        CLASS   CONFIG         
                config                             8007     8007        2         4

        CLASS   IDLOC          
                idloc                              8000     8000        4         5

        CLASS   BANK31         

        CLASS   BANK30         

        CLASS   BANK29         

        CLASS   BANK28         

        CLASS   BANK27         

        CLASS   BANK26         

        CLASS   BANK25         

        CLASS   BANK24         

        CLASS   BANK23         

        CLASS   BANK22         

        CLASS   BANK21         

        CLASS   BANK20         

        CLASS   BANK19         

        CLASS   BANK18         

        CLASS   BANK17         

        CLASS   BANK16         

        CLASS   BANK15         

        CLASS   BANK14         

        CLASS   BANK13         

        CLASS   HEAP           

        CLASS   STACK          

        CLASS   EEDATA         



SEGMENTS        Name                           Load    Length   Top    Selector   Space  Class     Delta

                reset_vec                      000000  000002  000002         0       0  CODE        2
                intentry                       000004  0007FC  000800         8       0  CODE        2
                cstackCOMMON                   000070  00000E  00007E        70       1  COMMON      1
                bssBANK1                       0000B0  000040  0000F0        B0       1  BANK1       1
                bssBANK2                       000120  000010  000130       120       1  BANK2       1
                bssBANK3                       0001A0  00001E  0001BE       1A0       1  BANK3       1
                text26                         000805  000012  000817      100A       0  CODE        2
                text33                         000817  000038  00084F      102E       0  CODE        2
                text32                         00084F  000043  000892      109E       0  CODE        2
                text22                         000892  000046  0008D8      1124       0  CODE        2
                text13                         0008D8  000048  000920      11B0       0  CODE        2
                text11                         000920  000054  000974      1240       0  CODE        2
                text15                         000974  00005F  0009D3      12E8       0  CODE        2
                text27                         0009D3  000063  000A36      13A6       0  CODE        2
                text19                         000A36  00006D  000AA3      146C       0  CODE        2
                text35                         000AA3  000072  000B15      1546       0  CODE        2
                text37                         000B15  000075  000B8A      162A       0  CODE        2
                text36                         000B8A  000078  000C02      1714       0  CODE        2
                text16                         000C02  00007C  000C7E      1804       0  CODE        2
                text20                         000C7E  000085  000D03      18FC       0  CODE        2
                text17                         000D03  000086  000D89      1A06       0  CODE        2
                text39                         000D89  000087  000E10      1B12       0  CODE        2
                text14                         000E10  00009C  000EAC      1C20       0  CODE        2
                text34                         000EAC  0000AA  000F56      1D58       0  CODE        2
                text10                         000F56  0000AA  001000      1EAC       0  CODE        2
                stringtext3                    001000  0000F4  0010F4      2000       0  STRCODE     2
                text3                          001653  000009  00165C      2CA6       0  CODE        2
                text4                          00165C  00000C  001668      2CB8       0  CODE        2
                clrtext                        001668  00000C  001674      2CD0       0  CODE        2
                text7                          001674  00001C  001690      2CE8       0  CODE        2
                text9                          001690  00001D  0016AD      2D20       0  CODE        2
                text24                         0016AD  000021  0016CE      2D5A       0  CODE        2
                text6                          0016CE  000021  0016EF      2D9C       0  CODE        2
                text29                         0016EF  000022  001711      2DDE       0  CODE        2
                text28                         001711  000022  001733      2E22       0  CODE        2
                text25                         001733  000022  001755      2E66       0  CODE        2
                text31                         001755  000025  00177A      2EAA       0  CODE        2
                text8                          00177A  00002B  0017A5      2EF4       0  CODE        2
                text30                         0017A5  00002D  0017D2      2F4A       0  CODE        2
                text12                         0017D2  00002E  001800      2FA4       0  CODE        2
                stringtext6                    001800  00006C  00186C      3000       0  STRCODE     2


UNUSED ADDRESS RANGES

        Name                Unused          Largest block    Delta
        BANK10           00520-0056F              50           1
        BANK11           005A0-005EF              50           1
        BANK12           00620-0064F              30           1
        BANK3            001BE-001DF              22           1
        BANK4            00241-0026F              2F           1
        BANK5            002A0-002BF              20           1
        BANK6            00330-0036F              40           1
        BANK7            003A0-003EF              50           1
        BANK8            00420-0046F              50           1
        BANK9            004A0-004EF              50           1
        BIGRAM           02000-023EF             3F0           1
        CODE             00002-00003               2           2
                         00800-00804               5
                         010F4-01652             55F
                         0186C-01FFF             794
        CONST            00002-00003               2           2
                         00800-00804               5
                         010F4-01652             100
                         0186C-01FFF             100
        ENTRY            00002-00003               2           2
                         00800-00804               5
                         010F4-01652             100
                         0186C-01FFF             100
        RAM              001BE-001DF              22           1
                         00241-0026F              2F
                         002A0-002BF              20
                         00330-0036F              40
                         003A0-003EF              50
                         00420-0046F              50
                         004A0-004EF              50
                         00520-0056F              50
                         005A0-005EF              50
                         00620-0064F              30
        SFR0             00000-0001F              20           1
        SFR1             00080-0009F              20           1
        SFR10            00500-0051F              20           1
        SFR11            00580-0059F              20           1
        SFR12            00600-0061F              20           1
        SFR13            00680-006EF              70           1
        SFR14            00700-0076F              70           1
        SFR15            00780-007EF              70           1
        SFR16            00800-0086F              70           1
        SFR17            00880-008EF              70           1
        SFR18            00900-0096F              70           1
        SFR19            00980-009EF              70           1
        SFR2             00100-0011F              20           1
        SFR20            00A00-00A6F              70           1
        SFR21            00A80-00AEF              70           1
        SFR22            00B00-00B6F              70           1
        SFR23            00B80-00BEF              70           1
        SFR24            00C00-00C6F              70           1
        SFR25            00C80-00CEF              70           1
        SFR26            00D00-00D6F              70           1
        SFR27            00D80-00DEF              70           1
        SFR28            00E00-00E6F              70           1
        SFR29            00E80-00EEF              70           1
        SFR3             00180-0019F              20           1
        SFR30            00F00-00F6F              70           1
        SFR31            00F80-00FEF              70           1
        SFR4             00200-0021F              20           1
        SFR5             00280-0029F              20           1
        SFR6             00300-0031F              20           1
        SFR7             00380-0039F              20           1
        SFR8             00400-0041F              20           1
        SFR9             00480-0049F              20           1
        STRCODE          00002-00003               2           2
                         00800-00804               5
                         010F4-01652             55F
                         0186C-01FFF             794
        STRING           00002-00003               2           2
                         00800-00804               5
                         010F4-01652             100
                         0186C-01FFF             100

                                  Symbol Table

?_USBTransferOnePacket                   cstackCOMMON 00070
APP_LEDUpdateUSBStatus@ledCount          bssBANK1     000BD
BUTTON_Enable@button                     cstackCOMMON 00072
LED_Enable@led                           cstackCOMMON 00072
LED_Off@led                              cstackCOMMON 00072
LED_On@led                               cstackCOMMON 00072
SYSTEM_Initialize@state                  cstackCOMMON 00075
USBConfigureEndpoint@EPNum               cstackCOMMON 00075
USBConfigureEndpoint@direction           cstackCOMMON 00070
USBConfigureEndpoint@handle              cstackCOMMON 00076
USBCtrlTrfInHandler@lastDTS              cstackCOMMON 00075
USBCtrlTrfRxService@byteToRead           cstackCOMMON 00075
USBCtrlTrfRxService@i                    cstackCOMMON 00074
USBCtrlTrfTxService@byteToSend           cstackCOMMON 00072
USBDeviceInit@i                          cstackCOMMON 00074
USBDeviceInit@i_722                      cstackCOMMON 00073
USBDeviceInit@p                          cstackCOMMON 00071
USBDeviceTasks@i                         cstackBANK1  000ED
USBEnableEndpoint@ep                     cstackCOMMON 0007C
USBEnableEndpoint@options                cstackCOMMON 00077
USBEnableEndpoint@p                      cstackCOMMON 0007A
USBStdFeatureReqHandler@current_ep_data  cstackBANK1  000E3
USBStdFeatureReqHandler@p                cstackBANK1  000E4
USBStdFeatureReqHandler@pUEP             cstackBANK1  000E1
USBStdGetStatusHandler@p                 cstackCOMMON 00072
USBStdSetCfgHandler@i                    cstackBANK1  000E3
USBStdSetCfgHandler@i_1457               cstackBANK1  000E2
USBStdSetCfgHandler@p                    cstackBANK1  000E0
USBTransferOnePacket@data                cstackCOMMON 00071
USBTransferOnePacket@dir                 cstackCOMMON 00070
USBTransferOnePacket@ep                  cstackCOMMON 00078
USBTransferOnePacket@handle              cstackCOMMON 00079
USBTransferOnePacket@len                 cstackCOMMON 00073
USER_USB_CALLBACK_EVENT_HANDLER@event    cstackBANK1  000D9
USER_USB_CALLBACK_EVENT_HANDLER@pdata    cstackBANK1  000DB
USER_USB_CALLBACK_EVENT_HANDLER@size     cstackBANK1  000DD
_ANSELC                                  (abs)        0018E
_APP_DeviceJoystickInitialize            text30       017A5
_APP_DeviceJoystickTasks                 text38       00627
_APP_LEDUpdateUSBStatus                  text27       009D3
_BDT                                     (abs)        00020
_BF                                      (abs)        010A0
_BUTTON_Enable                           text26       00805
_BothEP0OutUOWNsSet                      bssBANK1     000CE
_CtrlTrfData                             (abs)        00068
_DISPLAY_rpt                             stringtext8  01838
_HAPTIC_rpt                              stringtext4  01069
_LATCbits                                (abs)        0010E
_LED_Enable                              text25       01733
_LED_Off                                 text29       016EF
_LED_On                                  text28       01711
_LED_pkt_ready                           bssBANK2     0012A
_LED_rpt                                 stringtext6  01800
_MasterinitSPI                           text4        0165C
_PIE2bits                                (abs)        00092
_PIR2bits                                (abs)        00012
_PORTCbits                               (abs)        0000E
_RemoteWakeup                            bssBANK1     000D1
_SSPADD                                  (abs)        00212
_SSPBUF                                  (abs)        00211
_SSPCON                                  (abs)        00215
_SSPCON1                                 (abs)        00215
_SSPOV                                   (abs)        010AE
_SSPSTAT                                 (abs)        00214
_SYSTEM_Initialize                       text24       016AD
_SYS_InterruptHigh                       intentry     00004
_SetupPkt                                (abs)        00060
_SlaveinitSPI                            text3        01653
_TRISC0                                  (abs)        00470
_TRISC1                                  (abs)        00471
_TRISC2                                  (abs)        00472
_TRISC3                                  (abs)        00473
_TRISCbits                               (abs)        0008E
_UADDR                                   (abs)        00E96
_UCFG                                    (abs)        00E91
_UCON                                    (abs)        00E8E
_UCONbits                                (abs)        00E8E
_UEIE                                    (abs)        00E97
_UEIR                                    (abs)        00E93
_UEP0                                    (abs)        00E98
_UEP0bits                                (abs)        00E98
_UEP1                                    (abs)        00E99
_UIE                                     (abs)        00E92
_UIEbits                                 (abs)        00E92
_UIR                                     (abs)        00E90
_UIRbits                                 (abs)        00E90
_USB1msTickCount                         bssBANK3     001A8
_USBActiveConfiguration                  bssBANK1     000D8
_USBAlternateInterface                   bssBANK3     001BB
_USBBusIsSuspended                       bssBANK1     000D0
_USBCheckHIDRequest                      text23       00416
_USBCheckStdRequest                      text16       00C02
_USBConfigureEndpoint                    text32       0084F
_USBCtrlEPAllowDataStage                 text15       00974
_USBCtrlEPAllowStatusStage               text35       00AA3
_USBCtrlEPService                        text11       00920
_USBCtrlEPServiceComplete                text14       00E10
_USBCtrlTrfInHandler                     text36       00B8A
_USBCtrlTrfOutHandler                    text33       00817
_USBCtrlTrfRxService                     text34       00EAC
_USBCtrlTrfSetupHandler                  text13       008D8
_USBCtrlTrfTxService                     text37       00B15
_USBDeferINDataStagePackets              bssBANK1     000C9
_USBDeferOUTDataStagePackets             bssBANK1     000C8
_USBDeferStatusStagePacket               bssBANK1     000CC
_USBDeviceInit                           text10       00F56
_USBDeviceState                          bssBANK1     000D6
_USBDeviceTasks                          text5        002E7
_USBEnableEndpoint                       text31       01755
_USBIncrement1msInternalTimers           text9        01690
_USBStallHandler                         text8        0177A
_USBStatusStageEnabledFlag1              bssBANK1     000CB
_USBStatusStageEnabledFlag2              bssBANK1     000CA
_USBStatusStageTimeoutCounter            bssBANK1     000CD
_USBStdFeatureReqHandler                 text21       0002F
_USBStdGetDscHandler                     text20       00C7E
_USBStdGetStatusHandler                  text19       00A36
_USBStdSetCfgHandler                     text17       00D03
_USBSuspend                              text7        01674
_USBTicksSinceSuspendEnd                 bssBANK1     000C7
_USBTransferOnePacket                    text39       00D89
_USBWakeFromSuspend                      text6        016CE
_USB_CD_Ptr                              stringtext2  0186A
_USB_SD_Ptr                              stringtext1  01860
_USER_USB_CALLBACK_EVENT_HANDLER         text22       00892
_USTAT                                   (abs)        00E8F
_USTATcopy                               bssBANK1     000D7
_WCOL                                    (abs)        010AF
__Habs1                                  abs1         00000
__Hbank0                                 bank0        00000
__Hbank1                                 bank1        00000
__Hbank10                                bank10       00000
__Hbank11                                bank11       00000
__Hbank12                                bank12       00000
__Hbank13                                bank13       00000
__Hbank14                                bank14       00000
__Hbank15                                bank15       00000
__Hbank16                                bank16       00000
__Hbank17                                bank17       00000
__Hbank18                                bank18       00000
__Hbank19                                bank19       00000
__Hbank2                                 bank2        00000
__Hbank20                                bank20       00000
__Hbank21                                bank21       00000
__Hbank22                                bank22       00000
__Hbank23                                bank23       00000
__Hbank24                                bank24       00000
__Hbank25                                bank25       00000
__Hbank26                                bank26       00000
__Hbank27                                bank27       00000
__Hbank28                                bank28       00000
__Hbank29                                bank29       00000
__Hbank3                                 bank3        00000
__Hbank30                                bank30       00000
__Hbank31                                bank31       00000
__Hbank4                                 bank4        00000
__Hbank5                                 bank5        00000
__Hbank6                                 bank6        00000
__Hbank7                                 bank7        00000
__Hbank8                                 bank8        00000
__Hbank9                                 bank9        00000
__Hbigram                                bigram       00000
__HbssBANK1                              bssBANK1     00000
__HbssBANK2                              bssBANK2     00000
__HbssBANK3                              bssBANK3     00000
__Hcinit                                 cinit        0002F
__Hclrtext                               clrtext      00000
__Hcode                                  code         00000
__Hcommon                                common       00000
__Hconfig                                config       08009
__HcstackBANK1                           cstackBANK1  00000
__HcstackCOMMON                          cstackCOMMON 00000
__Heeprom_data                           eeprom_data  00000
__Hend_init                              end_init     0000A
__Hfunctab                               functab      00000
__Hheap                                  heap         00000
__Hidloc                                 idloc        08004
__Hinit                                  init         00008
__Hintentry                              intentry     00008
__Hmaintext                              maintext     00000
__Hpowerup                               powerup      00000
__Hram                                   ram          00000
__Hreset_vec                             reset_vec    00002
__Hsfr0                                  sfr0         00000
__Hsfr1                                  sfr1         00000
__Hsfr10                                 sfr10        00000
__Hsfr11                                 sfr11        00000
__Hsfr12                                 sfr12        00000
__Hsfr13                                 sfr13        00000
__Hsfr14                                 sfr14        00000
__Hsfr15                                 sfr15        00000
__Hsfr16                                 sfr16        00000
__Hsfr17                                 sfr17        00000
__Hsfr18                                 sfr18        00000
__Hsfr19                                 sfr19        00000
__Hsfr2                                  sfr2         00000
__Hsfr20                                 sfr20        00000
__Hsfr21                                 sfr21        00000
__Hsfr22                                 sfr22        00000
__Hsfr23                                 sfr23        00000
__Hsfr24                                 sfr24        00000
__Hsfr25                                 sfr25        00000
__Hsfr26                                 sfr26        00000
__Hsfr27                                 sfr27        00000
__Hsfr28                                 sfr28        00000
__Hsfr29                                 sfr29        00000
__Hsfr3                                  sfr3         00000
__Hsfr30                                 sfr30        00000
__Hsfr31                                 sfr31        00000
__Hsfr4                                  sfr4         00000
__Hsfr5                                  sfr5         00000
__Hsfr6                                  sfr6         00000
__Hsfr7                                  sfr7         00000
__Hsfr8                                  sfr8         00000
__Hsfr9                                  sfr9         00000
__Hspace_0                               (abs)        0186C
__Hspace_1                               (abs)        001BE
__Hspace_2                               (abs)        00000
__Hspace_3                               (abs)        00000
__Hspace_4                               (abs)        10010
__Hstack                                 stack        00000
__Hstrings                               strings      00000
__Hstringtext1                           stringtext1  00000
__Hstringtext10                          stringtext10 00000
__Hstringtext2                           stringtext2  00000
__Hstringtext3                           stringtext3  00000
__Hstringtext4                           stringtext4  00000
__Hstringtext5                           stringtext5  00000
__Hstringtext6                           stringtext6  00000
__Hstringtext7                           stringtext7  00000
__Hstringtext8                           stringtext8  00000
__Hstringtext9                           stringtext9  00000
__Htext                                  text         00000
__Labs1                                  abs1         00000
__Lbank0                                 bank0        00000
__Lbank1                                 bank1        00000
__Lbank10                                bank10       00000
__Lbank11                                bank11       00000
__Lbank12                                bank12       00000
__Lbank13                                bank13       00000
__Lbank14                                bank14       00000
__Lbank15                                bank15       00000
__Lbank16                                bank16       00000
__Lbank17                                bank17       00000
__Lbank18                                bank18       00000
__Lbank19                                bank19       00000
__Lbank2                                 bank2        00000
__Lbank20                                bank20       00000
__Lbank21                                bank21       00000
__Lbank22                                bank22       00000
__Lbank23                                bank23       00000
__Lbank24                                bank24       00000
__Lbank25                                bank25       00000
__Lbank26                                bank26       00000
__Lbank27                                bank27       00000
__Lbank28                                bank28       00000
__Lbank29                                bank29       00000
__Lbank3                                 bank3        00000
__Lbank30                                bank30       00000
__Lbank31                                bank31       00000
__Lbank4                                 bank4        00000
__Lbank5                                 bank5        00000
__Lbank6                                 bank6        00000
__Lbank7                                 bank7        00000
__Lbank8                                 bank8        00000
__Lbank9                                 bank9        00000
__Lbigram                                bigram       00000
__LbssBANK1                              bssBANK1     00000
__LbssBANK2                              bssBANK2     00000
__LbssBANK3                              bssBANK3     00000
__Lcinit                                 cinit        0000A
__Lclrtext                               clrtext      00000
__Lcode                                  code         00000
__Lcommon                                common       00000
__Lconfig                                config       00000
__LcstackBANK1                           cstackBANK1  00000
__LcstackCOMMON                          cstackCOMMON 00000
__Leeprom_data                           eeprom_data  00000
__Lend_init                              end_init     00008
__Lfunctab                               functab      00000
__Lheap                                  heap         00000
__Lidloc                                 idloc        00000
__Linit                                  init         00008
__Lintentry                              intentry     00004
__Lmaintext                              maintext     00000
__Lpowerup                               powerup      00000
__Lram                                   ram          00000
__Lreset_vec                             reset_vec    00000
__Lsfr0                                  sfr0         00000
__Lsfr1                                  sfr1         00000
__Lsfr10                                 sfr10        00000
__Lsfr11                                 sfr11        00000
__Lsfr12                                 sfr12        00000
__Lsfr13                                 sfr13        00000
__Lsfr14                                 sfr14        00000
__Lsfr15                                 sfr15        00000
__Lsfr16                                 sfr16        00000
__Lsfr17                                 sfr17        00000
__Lsfr18                                 sfr18        00000
__Lsfr19                                 sfr19        00000
__Lsfr2                                  sfr2         00000
__Lsfr20                                 sfr20        00000
__Lsfr21                                 sfr21        00000
__Lsfr22                                 sfr22        00000
__Lsfr23                                 sfr23        00000
__Lsfr24                                 sfr24        00000
__Lsfr25                                 sfr25        00000
__Lsfr26                                 sfr26        00000
__Lsfr27                                 sfr27        00000
__Lsfr28                                 sfr28        00000
__Lsfr29                                 sfr29        00000
__Lsfr3                                  sfr3         00000
__Lsfr30                                 sfr30        00000
__Lsfr31                                 sfr31        00000
__Lsfr4                                  sfr4         00000
__Lsfr5                                  sfr5         00000
__Lsfr6                                  sfr6         00000
__Lsfr7                                  sfr7         00000
__Lsfr8                                  sfr8         00000
__Lsfr9                                  sfr9         00000
__Lspace_0                               (abs)        00000
__Lspace_1                               (abs)        00000
__Lspace_2                               (abs)        00000
__Lspace_3                               (abs)        00000
__Lspace_4                               (abs)        00000
__Lstack                                 stack        00000
__Lstrings                               strings      00000
__Lstringtext1                           stringtext1  00000
__Lstringtext10                          stringtext10 00000
__Lstringtext2                           stringtext2  00000
__Lstringtext3                           stringtext3  00000
__Lstringtext4                           stringtext4  00000
__Lstringtext5                           stringtext5  00000
__Lstringtext6                           stringtext6  00000
__Lstringtext7                           stringtext7  00000
__Lstringtext8                           stringtext8  00000
__Lstringtext9                           stringtext9  00000
__Ltext                                  text         00000
__S0                                     (abs)        0186C
__S1                                     (abs)        001BE
___heap_hi                               (abs)        00000
___heap_lo                               (abs)        00000
___int_sp                                stack        00000
___latbits                               (abs)        00002
___sp                                    stack        00000
___stackhi                               (abs)        00000
___stacklo                               (abs)        00000
__end_of_APP_DeviceJoystickInitialize    text30       017D2
__end_of_APP_DeviceJoystickTasks         text38       00700
__end_of_APP_LEDUpdateUSBStatus          text27       00A36
__end_of_BUTTON_Enable                   text26       00817
__end_of_DISPLAY_rpt                     stringtext8  0184E
__end_of_HAPTIC_rpt                      stringtext4  010C0
__end_of_LED_Enable                      text25       01755
__end_of_LED_Off                         text29       01711
__end_of_LED_On                          text28       01733
__end_of_LED_rpt                         stringtext6  0181C
__end_of_MasterinitSPI                   text4        01668
__end_of_SYSTEM_Initialize               text24       016CE
__end_of_SYS_InterruptHigh               intentry     00008
__end_of_SlaveinitSPI                    text3        0165C
__end_of_USBCheckHIDRequest              text23       0052D
__end_of_USBCheckStdRequest              text16       00C7E
__end_of_USBConfigureEndpoint            text32       00892
__end_of_USBCtrlEPAllowDataStage         text15       009D3
__end_of_USBCtrlEPAllowStatusStage       text35       00B15
__end_of_USBCtrlEPService                text11       00974
__end_of_USBCtrlEPServiceComplete        text14       00EAC
__end_of_USBCtrlTrfInHandler             text36       00C02
__end_of_USBCtrlTrfOutHandler            text33       0084F
__end_of_USBCtrlTrfRxService             text34       00F56
__end_of_USBCtrlTrfSetupHandler          text13       00920
__end_of_USBCtrlTrfTxService             text37       00B8A
__end_of_USBDeviceInit                   text10       01000
__end_of_USBDeviceTasks                  text5        00416
__end_of_USBEnableEndpoint               text31       0177A
__end_of_USBIncrement1msInternalTimers   text9        016AD
__end_of_USBStallHandler                 text8        017A5
__end_of_USBStdFeatureReqHandler         text21       00196
__end_of_USBStdGetDscHandler             text20       00D03
__end_of_USBStdGetStatusHandler          text19       00AA3
__end_of_USBStdSetCfgHandler             text17       00D89
__end_of_USBSuspend                      text7        01690
__end_of_USBTransferOnePacket            text39       00E10
__end_of_USBWakeFromSuspend              text6        016EF
__end_of_USB_CD_Ptr                      stringtext2  0186C
__end_of_USB_SD_Ptr                      stringtext1  01866
__end_of_USER_USB_CALLBACK_EVENT_HANDLER text22       008D8
__end_of__initialization                 cinit        0002B
__end_of_configDescriptor1               stringtext3  01069
__end_of_device_dsc                      stringtext9  01860
__end_of_main                            maintext     00800
__end_of_memcpy                          text12       01800
__end_of_memset                          text18       007CA
__end_of_sd000                           stringtext10 0186A
__end_of_sd001                           stringtext5  010F4
__end_of_sd002                           stringtext7  01838
__end_of_spiTask                         text1        00627
__end_of_spiWrite                        text2        002E7
__initialization                         cinit        0000A
__pbssBANK1                              bssBANK1     000B0
__pbssBANK2                              bssBANK2     00120
__pbssBANK3                              bssBANK3     001A0
__pcstackBANK1                           cstackBANK1  000D9
__pcstackCOMMON                          cstackCOMMON 00070
__pintentry                              intentry     00004
__pmaintext                              maintext     007CA
__pstringtext1                           stringtext1  01860
__pstringtext10                          stringtext10 01866
__pstringtext2                           stringtext2  0186A
__pstringtext3                           stringtext3  01000
__pstringtext4                           stringtext4  01069
__pstringtext5                           stringtext5  010C0
__pstringtext6                           stringtext6  01800
__pstringtext7                           stringtext7  0181C
__pstringtext8                           stringtext8  01838
__pstringtext9                           stringtext9  0184E
__ptext1                                 text1        0052D
__ptext10                                text10       00F56
__ptext11                                text11       00920
__ptext12                                text12       017D2
__ptext13                                text13       008D8
__ptext14                                text14       00E10
__ptext15                                text15       00974
__ptext16                                text16       00C02
__ptext17                                text17       00D03
__ptext18                                text18       00700
__ptext19                                text19       00A36
__ptext2                                 text2        00196
__ptext20                                text20       00C7E
__ptext21                                text21       0002F
__ptext22                                text22       00892
__ptext23                                text23       00416
__ptext24                                text24       016AD
__ptext25                                text25       01733
__ptext26                                text26       00805
__ptext27                                text27       009D3
__ptext28                                text28       01711
__ptext29                                text29       016EF
__ptext3                                 text3        01653
__ptext30                                text30       017A5
__ptext31                                text31       01755
__ptext32                                text32       0084F
__ptext33                                text33       00817
__ptext34                                text34       00EAC
__ptext35                                text35       00AA3
__ptext36                                text36       00B8A
__ptext37                                text37       00B15
__ptext38                                text38       00627
__ptext39                                text39       00D89
__ptext4                                 text4        0165C
__ptext5                                 text5        002E7
__ptext6                                 text6        016CE
__ptext7                                 text7        01674
__ptext8                                 text8        0177A
__ptext9                                 text9        01690
_active_protocol                         bssBANK2     0012E
_configDescriptor1                       stringtext3  01000
_controlTransferState                    bssBANK1     000D3
_device_dsc                              stringtext9  0184E
_display_output                          (abs)        021B0
_display_pkt_ready                       bssBANK2     0012B
_endpoint_number                         bssBANK1     000CF
_ep_data_in                              bssBANK3     001B0
_ep_data_out                             bssBANK3     001AC
_errors_ctr2_to_PIC                      bssBANK1     000C6
_garbage                                 bssBANK3     001BA
_hap_IN_pkt_sent                         bssBANK2     00129
_hap_OUT_pkt_ready                       bssBANK2     00128
_haptic_in                               (abs)        000A0
_haptic_out                              (abs)        00130
_idle_rate                               bssBANK2     0012F
_inPipes                                 bssBANK1     000B8
_last_DSP_OUT                            bssBANK1     000BF
_last_HAP_IN                             bssBANK1     000C1
_last_HAP_OUT                            bssBANK3     001B6
_last_LED_OUT                            bssBANK3     001B4
_leds_output                             (abs)        02130
_luminosity                              bssBANK3     001B9
_main                                    maintext     007CA
_memcpy                                  text12       017D2
_memset                                  text18       00700
_outPipes                                bssBANK2     00120
_pBDTEntryEP0OutCurrent                  bssBANK1     000D5
_pBDTEntryEP0OutNext                     bssBANK1     000C3
_pBDTEntryIn                             bssBANK1     000B0
_pBDTEntryOut                            bssBANK3     001A0
_pDst                                    bssBANK1     000D2
_pkt_requests                            bssBANK1     000C5
_sd000                                   stringtext10 01866
_sd001                                   stringtext5  010C0
_sd002                                   stringtext7  0181C
_shortPacketStatus                       bssBANK1     000D4
_spiTask                                 text1        0052D
_spiWrite                                text2        00196
btemp                                    (abs)        0007E
clear_ram0                               clrtext      01668
end_of_initialization                    cinit        0002B
int$flags                                (abs)        0007E
intlevel0                                functab      00000
intlevel1                                functab      00000
intlevel2                                functab      00000
intlevel3                                functab      00000
intlevel4                                functab      00000
intlevel5                                functab      00000
memcpy@d                                 cstackCOMMON 00079
memcpy@d1                                cstackCOMMON 00078
memcpy@n                                 cstackCOMMON 00072
memcpy@s                                 cstackCOMMON 00075
memcpy@s1                                cstackCOMMON 00070
memcpy@tmp                               cstackCOMMON 00077
memset@c                                 cstackCOMMON 00072
memset@dest                              cstackCOMMON 00070
memset@k                                 cstackCOMMON 0007A
memset@n                                 cstackCOMMON 00074
memset@s                                 cstackCOMMON 0007C
reset_vec                                reset_vec    00000
start                                    init         00008
start_initialization                     cinit        0000A
wtemp0                                   (abs)        0007E


MODULE INFORMATION

Module		Function		Class		Link	Load	Size
lib/app_device_joystick.c
		_APP_DeviceJoystickInitialize		CODE           	17A5	0000	45
		_APP_DeviceJoystickTasks		CODE           	0627	0000	217

lib/app_device_joystick.c estimated size: 262

lib/usb/usb_device.c
		_USBCtrlTrfInHandler		CODE           	0B8A	0000	120
		_USBTransferOnePacket		CODE           	0D89	0000	135
		_USBStdGetDscHandler		CODE           	0C7E	0000	133
		_USBCtrlEPAllowDataStage		CODE           	0974	0000	95
		_USBStdFeatureReqHandler		CODE           	002F	0000	359
		_USBCtrlEPAllowStatusStage		CODE           	0AA3	0000	114
		_USBCtrlTrfSetupHandler		CODE           	08D8	0000	72
		_USBCtrlTrfOutHandler		CODE           	0817	0000	56
		_USBCtrlEPServiceComplete		CODE           	0E10	0000	156
		_USBSuspend    		CODE           	1674	0000	28
		_USBStdSetCfgHandler		CODE           	0D03	0000	134
		_USBStdGetStatusHandler		CODE           	0A36	0000	109
		_USBWakeFromSuspend		CODE           	16CE	0000	33
		_USBCtrlTrfRxService		CODE           	0EAC	0000	170
		_USBCtrlTrfTxService		CODE           	0B15	0000	117
		_USBEnableEndpoint		CODE           	1755	0000	37
		_USBConfigureEndpoint		CODE           	084F	0000	67
		_USBDeviceInit 		CODE           	0F56	0000	170
		_USBIncrement1msInternalTimers		CODE           	1690	0000	29
		_USBCtrlEPService		CODE           	0920	0000	84
		_USBStallHandler		CODE           	177A	0000	43
		_USBDeviceTasks		CODE           	02E7	0000	303
		_USBCheckStdRequest		CODE           	0C02	0000	124

lib/usb/usb_device.c estimated size: 2688

lib/usb/usb_events.c
		_USER_USB_CALLBACK_EVENT_HANDLER		CODE           	0892	0000	70

lib/usb/usb_events.c estimated size: 70

lib/spi.c
		_spiWrite      		CODE           	0196	0000	337
		_spiTask       		CODE           	052D	0000	250
		_SlaveinitSPI  		CODE           	1653	0000	9
		_MasterinitSPI 		CODE           	165C	0000	12

lib/spi.c estimated size: 608

lib/system.c
		_SYS_InterruptHigh		CODE           	0004	0000	4
		_SYSTEM_Initialize		CODE           	16AD	0000	33

lib/system.c estimated size: 37

lib/app_led_usb_status.c
		_APP_LEDUpdateUSBStatus		CODE           	09D3	0000	99

lib/app_led_usb_status.c estimated size: 99

E:\Atmel Studio\Comp-istall\pic\sources\c99\common\memcpy.c
		_memcpy        		CODE           	17D2	0000	46

E:\Atmel Studio\Comp-istall\pic\sources\c99\common\memcpy.c estimated size: 46

lib/leds.c
		_LED_Off       		CODE           	16EF	0000	34
		_LED_On        		CODE           	1711	0000	34
		_LED_Enable    		CODE           	1733	0000	34

lib/leds.c estimated size: 102

lib/buttons.c
		_BUTTON_Enable 		CODE           	0805	0000	18

lib/buttons.c estimated size: 18

shared
		_configDescriptor1		STRCODE        	1000	0000	105
		_USB_CD_Ptr    		STRCODE        	186A	0000	2
		_sd001         		STRCODE        	10C0	0000	52
		_sd002         		STRCODE        	181C	0000	28
		_LED_rpt       		STRCODE        	1800	0000	28
		__initialization		CODE           	000A	0000	33
		_DISPLAY_rpt   		STRCODE        	1838	0000	22
		_device_dsc    		STRCODE        	184E	0000	18
		_USB_SD_Ptr    		STRCODE        	1860	0000	6
		_HAPTIC_rpt    		STRCODE        	1069	0000	87
		_sd000         		STRCODE        	1866	0000	4

shared estimated size: 385

lib/usb/usb_device_hid.c
		_USBCheckHIDRequest		CODE           	0416	0000	279

lib/usb/usb_device_hid.c estimated size: 279

E:\Atmel Studio\Comp-istall\pic\sources\c99\common\memset.c
		_memset        		CODE           	0700	0000	202

E:\Atmel Studio\Comp-istall\pic\sources\c99\common\memset.c estimated size: 202

main.c
		_main          		CODE           	07CA	0000	54

main.c estimated size: 54

